ΓÇëWARNΓÇë Unsupported engine: wanted: {"node":"20.19.2"} (current: {"node":"v20.19.5","pnpm":"10.8.1"})

> kilo-code@ vsix C:\KiloNe\kilocode-4.116.1
> turbo vsix --log-order grouped --output-logs new-only

node.exe : turbo 2.5.6
At C:\Users\ASUS\AppData\Roaming\npm\pnpm.ps1:24 char:5
+     & "node$exe"  "$basedir/node_modules/pnpm/bin/pnpm.cjs" $args
+     ~~~~~~~~~~~~~~~~~~~~~~~~~~~~~~~~~~~~~~~~~~~~~~~~~~~~~~~~~~~~~
    + CategoryInfo          : NotSpecified: (turbo 2.5.6:String) [], RemoteExc 
   eption
    + FullyQualifiedErrorId : NativeCommandError
 

ΓÇó Packages in scope: @kilo-code/jetbrains-host, @kilo-code/jetbrains-plugin, @kilocode/cli, @kilocode/code-index-cli, @roo-code/build, @roo-code/cloud, @roo-code/config-eslint, @roo-code/config-typescript, @roo-code/evals, @roo-code/ipc, @roo-code/playwright-e2e, @roo-code/storybook, @roo-code/telemetry, @roo-code/types, @roo-code/vscode-e2e, @roo-code/vscode-nightly, @roo-code/vscode-webview, @roo-code/web-evals, @roo-code/web-roo-code, kilocode-docs, neuron-code
ΓÇó Running vsix in 21 packages
ΓÇó Remote caching disabled
@roo-code/build:build: cache hit, suppressing logs ffcc30845d393bd3
@roo-code/types:build: cache hit, suppressing logs 738aa3d7db2b4389
@roo-code/vscode-webview:build: cache hit, suppressing logs 5be48c8dc2429f55
neuron-code:bundle: cache miss, executing 35e285683383aff5
neuron-code:bundle: ERROR: command finished with error: command 
(C:\KiloNe\kilocode-4.116.1\src) C:\Users\ASUS\AppData\Roaming\npm\pnpm.cmd 
run bundle exited (1)
neuron-code:bundle: ΓÇëWARNΓÇë Unsupported engine: wanted: {"node":"20.19.2"} (current: {"node":"v20.19.5","pnpm":"10.8.1"})
neuron-code:bundle: 
neuron-code:bundle: > neuron-code@4.116.1 bundle C:\KiloNe\kilocode-4.116.1\src
neuron-code:bundle: > node esbuild.mjs
neuron-code:bundle: 
neuron-code:bundle: [extension] Cleaning dist directory: C:\KiloNe\kilocode-4.116.1\src\dist
neuron-code:bundle: [esbuild-problem-matcher#onStart]
neuron-code:bundle: [copyPaths] Copied ../README.md to README.md
neuron-code:bundle: [copyPaths] Copied ../CHANGELOG.md to CHANGELOG.md
neuron-code:bundle: [copyPaths] Copied ../LICENSE to LICENSE
neuron-code:bundle: [copyPaths] Optional file not found: ../.env
neuron-code:bundle: [copyPaths] Copied 911 files from node_modules/vscode-material-icons/generated to assets/vscode-material-icons
neuron-code:bundle: [copyPaths] Copied 3 files from ../webview-ui/audio to webview-ui/audio
neuron-code:bundle: [copyPaths] Copied 13 files from walkthrough to walkthrough
neuron-code:bundle: [copyPaths] Copied 52 files from services/continuedev/tree-sitter to tree-sitter
neuron-code:bundle: [extension] Copied JSDOM xhr-sync-worker.js to dist from: C:\KiloNe\kilocode-4.116.1\node_modules\.pnpm\jsdom@26.1.0\node_modules\jsdom\lib\jsdom\living\xhr\xhr-sync-worker.js
neuron-code:bundle: [copyWasms] Copied tiktoken WASMs to C:\KiloNe\kilocode-4.116.1\src\dist
neuron-code:bundle: [copyWasms] Copied tiktoken WASMs to C:\KiloNe\kilocode-4.116.1\src\dist\workers
neuron-code:bundle: [copyWasms] Copied tree-sitter.wasm to C:\KiloNe\kilocode-4.116.1\src\dist
neuron-code:bundle: [copyWasms] Copied 35 tree-sitter language wasms to C:\KiloNe\kilocode-4.116.1\src\dist
neuron-code:bundle: [copyLocales] Copied 154 locale files to C:\KiloNe\kilocode-4.116.1\src\dist\i18n\locales
neuron-code:bundle: Γ£ÿ [ERROR] Unexpected "}"
neuron-code:bundle:     extension.ts:485:0:
neuron-code:bundle: [esbuild-problem-matcher#onEnd]
neuron-code:bundle: [copyLanceDB] Starting to copy LanceDB and dependencies...
neuron-code:bundle: [copyLanceDB] Γ£à Copied @lancedb/lancedb
neuron-code:bundle: [copyLanceDB] Γ£à Copied @lancedb/lancedb-win32-x64-msvc
neuron-code:bundle: [copyLanceDB] Γ£à Copied apache-arrow
neuron-code:bundle: [copyLanceDB] Γ£à Copied tslib
neuron-code:bundle: [copyLanceDB] Γ£à Copied flatbuffers
neuron-code:bundle: [copyLanceDB] Γ£à Copied json-bignum
neuron-code:bundle: [copyLanceDB] Γ£à Copied command-line-args
neuron-code:bundle: [copyLanceDB] Γ£à Copied command-line-usage
neuron-code:bundle: [copyLanceDB] Γ£à Copied @swc/helpers
neuron-code:bundle: [copyLanceDB] Γ£à Copied reflect-metadata
neuron-code:bundle: [copyLanceDB] Γ£à Copied openai
neuron-code:bundle: [copyLanceDB] Γ£à All LanceDB dependencies copied to dist/node_modules
neuron-code:bundle: Error: Build failed with 1 error:
neuron-code:bundle: extension.ts:485:0: ERROR: Unexpected "}"
neuron-code:bundle:     at failureErrorWithLog (C:\KiloNe\kilocode-4.116.1\node_modules\.pnpm\esbuild@0.25.9\node_modules\esbuild\lib\main.js:1467:15)
neuron-code:bundle:     at C:\KiloNe\kilocode-4.116.1\node_modules\.pnpm\esbuild@0.25.9\node_modules\esbuild\lib\main.js:926:25
neuron-code:bundle:     at C:\KiloNe\kilocode-4.116.1\node_modules\.pnpm\esbuild@0.25.9\node_modules\esbuild\lib\main.js:1345:9 {
neuron-code:bundle:   errors: [Getter/Setter],
neuron-code:bundle:   warnings: [Getter/Setter]
neuron-code:bundle: }
neuron-code:bundle: ΓÇëELIFECYCLEΓÇë Command failed with exit code 1.
neuron-code#bundle: command (C:\KiloNe\kilocode-4.116.1\src) 
C:\Users\ASUS\AppData\Roaming\npm\pnpm.cmd run bundle exited (1)

 Tasks:    3 successful, 4 total
Cached:    3 cached, 4 total
  Time:    22.926s 
Failed:    neuron-code#bundle

 ERROR  run failed: command  exited (1)
ΓÇëELIFECYCLEΓÇë Command failed with exit code 1.
